// Jest Snapshot v1, https://goo.gl/fbAQLP

exports[`AdditionalInfo renders as expected 1`] = `
<form
  style="height: 100%; width: 100%;"
>
  <mocked-mui-box
    sx="{\\"width\\":\\"100%\\",\\"height\\":\\"100%\\",\\"display\\":\\"flex\\",\\"justifyContent\\":\\"center\\",\\"alignItems\\":\\"center\\"}"
  >
    <mocked-mui-card
      sx="{\\"width\\":400,\\"height\\":\\"unset\\",\\"display\\":\\"flex\\",\\"flexDirection\\":\\"column\\",\\"justifyContent\\":\\"center\\"}"
    >
      <mocked-mui-card-content
        sx="{\\"display\\":\\"flex\\",\\"flexDirection\\":\\"column\\",\\"alignItems\\":\\"stretch\\",\\"justifyContent\\":\\"start\\",\\"gap\\":1,\\"flex\\":1}"
      >
        <mocked-mui-typography
          color="text.primary"
          gutterbottom="true"
          sx="{\\"textAlign\\":\\"center\\",\\"fontWeight\\":\\"bold\\"}"
          variant="h5"
        >
          Additional Info
        </mocked-mui-typography>
        <div
          class="MuiFormControl-root css-1nrlq1o-MuiFormControl-root"
        >
          <label
            class="MuiInputLabel-root MuiInputLabel-formControl MuiInputLabel-animated MuiInputLabel-outlined MuiFormLabel-root MuiFormLabel-colorPrimary Mui-required css-zq33gc-MuiFormLabel-root-MuiInputLabel-root"
            data-shrink="false"
            id="favorite-color-select-field-label"
          >
            Favorite Color
            <span
              aria-hidden="true"
              class="MuiInputLabel-asterisk MuiFormLabel-asterisk css-1o0vv86-MuiFormLabel-asterisk"
            >
               
              *
            </span>
          </label>
          <div
            class="MuiOutlinedInput-root MuiInputBase-root MuiInputBase-colorPrimary MuiInputBase-formControl MuiInputBase-adornedEnd  css-aucmf9-MuiInputBase-root-MuiOutlinedInput-root-MuiSelect-root"
            required=""
          >
            <div
              aria-expanded="false"
              aria-haspopup="listbox"
              aria-labelledby="favorite-color-select-field"
              class="MuiSelect-select MuiSelect-outlined MuiOutlinedInput-input MuiInputBase-input MuiInputBase-inputAdornedEnd css-4ygxeq-MuiSelect-select-MuiInputBase-input-MuiOutlinedInput-input"
              id="favorite-color-select-field"
              role="button"
              tabindex="0"
            >
              <span
                class="notranslate"
              >
                ​
              </span>
            </div>
            <input
              aria-hidden="true"
              class="MuiSelect-nativeInput css-yf8vq0-MuiSelect-nativeInput"
              name="color"
              required=""
              tabindex="-1"
              value=""
            />
            <svg
              aria-hidden="true"
              class="MuiSvgIcon-root MuiSvgIcon-fontSizeMedium MuiSelect-icon MuiSelect-iconOutlined css-hfutr2-MuiSvgIcon-root-MuiSelect-icon"
              data-testid="ArrowDropDownIcon"
              focusable="false"
              viewBox="0 0 24 24"
            >
              <path
                d="M7 10l5 5 5-5z"
              />
            </svg>
            <mocked-mui-input-adornment
              position="end"
              sx="{\\"mr\\":\\"-7px\\"}"
            >
              <span
                class="MuiCircularProgress-root MuiCircularProgress-indeterminate MuiCircularProgress-colorPrimary css-172ucwx-MuiCircularProgress-root"
                role="progressbar"
                style="width: 24px; height: 24px;"
              >
                <svg
                  class="MuiCircularProgress-svg css-1idz92c-MuiCircularProgress-svg"
                  viewBox="22 22 44 44"
                >
                  <circle
                    class="MuiCircularProgress-circle MuiCircularProgress-circleIndeterminate css-176wh8e-MuiCircularProgress-circle"
                    cx="44"
                    cy="44"
                    fill="none"
                    r="20.2"
                    stroke-width="3.6"
                  />
                </svg>
              </span>
            </mocked-mui-input-adornment>
            <fieldset
              aria-hidden="true"
              class="MuiOutlinedInput-notchedOutline css-1d3z3hw-MuiOutlinedInput-notchedOutline"
            >
              <legend
                class="css-1ftyaf0"
              >
                <span>
                  Favorite Color
                   
                  *
                </span>
              </legend>
            </fieldset>
          </div>
          <p
            class="MuiFormHelperText-root MuiFormHelperText-sizeMedium MuiFormHelperText-contained css-12kfrt5-MuiFormHelperText-root"
          />
        </div>
        <label
          class="MuiFormControlLabel-root MuiFormControlLabel-labelPlacementEnd css-j204z7-MuiFormControlLabel-root"
        >
          <span
            class="MuiCheckbox-root MuiCheckbox-colorPrimary MuiButtonBase-root MuiCheckbox-root MuiCheckbox-colorPrimary PrivateSwitchBase-root css-1uxrgnw-MuiButtonBase-root-MuiCheckbox-root"
          >
            <input
              class="PrivateSwitchBase-input css-1m9pwf3"
              data-indeterminate="false"
              name="terms"
              type="checkbox"
            />
            <svg
              aria-hidden="true"
              class="MuiSvgIcon-root MuiSvgIcon-fontSizeMedium css-i4bv87-MuiSvgIcon-root"
              data-testid="CheckBoxOutlineBlankIcon"
              focusable="false"
              viewBox="0 0 24 24"
            >
              <path
                d="M19 5v14H5V5h14m0-2H5c-1.1 0-2 .9-2 2v14c0 1.1.9 2 2 2h14c1.1 0 2-.9 2-2V5c0-1.1-.9-2-2-2z"
              />
            </svg>
            <span
              class="MuiTouchRipple-root css-8je8zh-MuiTouchRipple-root"
            />
          </span>
          <span
            class="MuiTypography-root MuiTypography-body1 MuiFormControlLabel-label css-ahj2mt-MuiTypography-root"
          >
            <mocked-mui-box
              sx="{\\"display\\":\\"flex\\",\\"flexDirection\\":\\"row\\",\\"alignItems\\":\\"center\\"}"
            >
              <mocked-mui-typography>
                I Agree to the
              </mocked-mui-typography>
              <mocked-mui-button>
                Terms & Conditions
              </mocked-mui-button>
            </mocked-mui-box>
          </span>
        </label>
      </mocked-mui-card-content>
      <mocked-mui-card-actions
        sx="{\\"display\\":\\"flex\\",\\"flexDirection\\":\\"row\\",\\"justifyContent\\":\\"end\\",\\"gap\\":1}"
      >
        <mocked-mui-button
          color="secondary"
          component="[object Object]"
          to="/sign-up"
          variant="outlined"
        >
          Back
        </mocked-mui-button>
        <mocked-mui-button
          disabled="true"
          type="submit"
          variant="contained"
        >
          Next
        </mocked-mui-button>
      </mocked-mui-card-actions>
    </mocked-mui-card>
  </mocked-mui-box>
</form>
`;
